kambeysan@kambeysan-VirtualBox:~$ uname
Linux
kambeysan@kambeysan-VirtualBox:~$ uname -a
Linux kambeysan-VirtualBox 5.19.0-43-generic #44~22.04.1-Ubuntu SMP PREEMPT_DYNAMIC Mon May 22 13:39:36 UTC 2 x86_64 x86_64 x86_64 GNU/Linux
kambeysan@kambeysan-VirtualBox:~$ hostnamectl
 Static hostname: kambeysan-VirtualBox
       Icon name: computer-vm
         Chassis: vm
      Machine ID: aa4cd26cfaea465e9084a6f7bdd84efd
         Boot ID: 81a412d91ea74e7f9252bc93f2b6a96e
  Virtualization: oracle
Operating System: Ubuntu 22.04.2 LTS              
          Kernel: Linux 5.19.0-43-generic
    Architecture: x86-64
 Hardware Vendor: innotek GmbH
  Hardware Model: VirtualBox
kambeysan@kambeysan-VirtualBox:~$ hoatname -I
Command 'hoatname' not found, did you mean:
  command 'hostname' from deb hostname (3.23ubuntu2)
Try: sudo apt install <deb name>
kambeysan@kambeysan-VirtualBox:~$ hostname -I
192.168.0.100 
kambeysan@kambeysan-VirtualBox:~$ hostname -I
10.0.2.15 
kambeysan@kambeysan-VirtualBox:~$ whoami
kambeysan
kambeysan@kambeysan-VirtualBox:~$ touch wh_lesson_1.txt
kambeysan@kambeysan-VirtualBox:~$ 


